// Jest Snapshot v1, https://goo.gl/fbAQLP

exports[`App tests Should match the snapshot 1`] = `
ShallowWrapper {
  "length": 1,
  Symbol(enzyme.__root__): [Circular],
  Symbol(enzyme.__unrendered__): <App />,
  Symbol(enzyme.__renderer__): Object {
    "batchedUpdates": [Function],
    "getNode": [Function],
    "render": [Function],
    "simulateEvent": [Function],
    "unmount": [Function],
  },
  Symbol(enzyme.__node__): Object {
    "instance": null,
    "key": undefined,
    "nodeType": "host",
    "props": Object {
      "children": Array [
        <TitleCategoriesContainer
          selectFavorites={[Function]}
          selectPeople={[Function]}
          selectPlanets={[Function]}
          selectVehicle={[Function]}
/>,
        <ScrollAndCategoriesContainer
          openingCrawl={Array []}
          peopleData={Array []}
          planetData={Array []}
          saveFavorite={[Function]}
          selectedCategory=""
          vehicleData={Array []}
/>,
      ],
      "className": "app-component",
    },
    "ref": null,
    "rendered": Array [
      Object {
        "instance": null,
        "key": undefined,
        "nodeType": "function",
        "props": Object {
          "selectFavorites": [Function],
          "selectPeople": [Function],
          "selectPlanets": [Function],
          "selectVehicle": [Function],
        },
        "ref": null,
        "rendered": null,
        "type": [Function],
      },
      Object {
        "instance": null,
        "key": undefined,
        "nodeType": "function",
        "props": Object {
          "openingCrawl": Array [],
          "peopleData": Array [],
          "planetData": Array [],
          "saveFavorite": [Function],
          "selectedCategory": "",
          "vehicleData": Array [],
        },
        "ref": null,
        "rendered": null,
        "type": [Function],
      },
    ],
    "type": "div",
  },
  Symbol(enzyme.__nodes__): Array [
    Object {
      "instance": null,
      "key": undefined,
      "nodeType": "host",
      "props": Object {
        "children": Array [
          <TitleCategoriesContainer
            selectFavorites={[Function]}
            selectPeople={[Function]}
            selectPlanets={[Function]}
            selectVehicle={[Function]}
/>,
          <ScrollAndCategoriesContainer
            openingCrawl={Array []}
            peopleData={Array []}
            planetData={Array []}
            saveFavorite={[Function]}
            selectedCategory=""
            vehicleData={Array []}
/>,
        ],
        "className": "app-component",
      },
      "ref": null,
      "rendered": Array [
        Object {
          "instance": null,
          "key": undefined,
          "nodeType": "function",
          "props": Object {
            "selectFavorites": [Function],
            "selectPeople": [Function],
            "selectPlanets": [Function],
            "selectVehicle": [Function],
          },
          "ref": null,
          "rendered": null,
          "type": [Function],
        },
        Object {
          "instance": null,
          "key": undefined,
          "nodeType": "function",
          "props": Object {
            "openingCrawl": Array [],
            "peopleData": Array [],
            "planetData": Array [],
            "saveFavorite": [Function],
            "selectedCategory": "",
            "vehicleData": Array [],
          },
          "ref": null,
          "rendered": null,
          "type": [Function],
        },
      ],
      "type": "div",
    },
  ],
  Symbol(enzyme.__options__): Object {
    "adapter": ReactSixteenAdapter {
      "options": Object {
        "enableComponentDidUpdateOnSetState": true,
      },
    },
    "disableLifecycleMethods": true,
  },
}
`;
